------------------------------------------------------------
TimeQuest Timing Analyzer Summary
------------------------------------------------------------

Type  : Slow 1200mV 85C Model Setup 'contador:ut_9600|clk_out'
Slack : -4.708
TNS   : -173.331

Type  : Slow 1200mV 85C Model Setup 'clk_50Mhz'
Slack : -3.913
TNS   : -29.004

Type  : Slow 1200mV 85C Model Hold 'clk_50Mhz'
Slack : 0.052
TNS   : 0.000

Type  : Slow 1200mV 85C Model Hold 'contador:ut_9600|clk_out'
Slack : 0.486
TNS   : 0.000

Type  : Slow 1200mV 85C Model Minimum Pulse Width 'clk_50Mhz'
Slack : -3.000
TNS   : -23.818

Type  : Slow 1200mV 85C Model Minimum Pulse Width 'contador:ut_9600|clk_out'
Slack : -1.487
TNS   : -80.298

Type  : Slow 1200mV 0C Model Setup 'contador:ut_9600|clk_out'
Slack : -4.419
TNS   : -160.905

Type  : Slow 1200mV 0C Model Setup 'clk_50Mhz'
Slack : -3.511
TNS   : -25.178

Type  : Slow 1200mV 0C Model Hold 'clk_50Mhz'
Slack : 0.144
TNS   : 0.000

Type  : Slow 1200mV 0C Model Hold 'contador:ut_9600|clk_out'
Slack : 0.450
TNS   : 0.000

Type  : Slow 1200mV 0C Model Minimum Pulse Width 'clk_50Mhz'
Slack : -3.000
TNS   : -23.818

Type  : Slow 1200mV 0C Model Minimum Pulse Width 'contador:ut_9600|clk_out'
Slack : -1.487
TNS   : -80.298

Type  : Fast 1200mV 0C Model Setup 'contador:ut_9600|clk_out'
Slack : -1.468
TNS   : -51.310

Type  : Fast 1200mV 0C Model Setup 'clk_50Mhz'
Slack : -1.112
TNS   : -5.327

Type  : Fast 1200mV 0C Model Hold 'clk_50Mhz'
Slack : -0.106
TNS   : -0.106

Type  : Fast 1200mV 0C Model Hold 'contador:ut_9600|clk_out'
Slack : 0.194
TNS   : 0.000

Type  : Fast 1200mV 0C Model Minimum Pulse Width 'clk_50Mhz'
Slack : -3.000
TNS   : -17.910

Type  : Fast 1200mV 0C Model Minimum Pulse Width 'contador:ut_9600|clk_out'
Slack : -1.000
TNS   : -54.000

------------------------------------------------------------
